[cafehungrymonkey.in/index.html]
[backblue.gif]
[fade.gif]
[index.html]
[cafehungrymonkey.in/public/css/style.css]
[cafehungrymonkey.in/public/css/responsive.css]
[cafehungrymonkey.in/public/uploads/favicon.png]
[cafehungrymonkey.in/cdn-cgi/l/email-protection]
[cafehungrymonkey.in/home.html]
[cafehungrymonkey.in/public/uploads/HMLogo.jpg]
[cafehungrymonkey.in/index-2.html]
[cafehungrymonkey.in/about.html]
[cafehungrymonkey.in/menu.html]
[cafehungrymonkey.in/Franchise.html]
[cafehungrymonkey.in/Photo_gallery.html]
[cafehungrymonkey.in/Contact.html]
[cafehungrymonkey.in/public/uploads/service-4.jpg]
[cafehungrymonkey.in/public/uploads/about-.jpg]
[cafehungrymonkey.in/public/uploads/service-6.jpg]
[cafehungrymonkey.in/public/uploads/fried-chicken-wrap-with-tomato-bell-peppers-french-fries-sauces.jpg]
[cafehungrymonkey.in/public/uploads/momos.jpg]
[cafehungrymonkey.in/public/images/parallax-background/choose-bg.jpg]
[cafehungrymonkey.in/public/images/left_home.jpg]
[cafehungrymonkey.in/public/uploads/icecream.jpg]
[cafehungrymonkey.in/public/uploads/mastani.jpg]
[cafehungrymonkey.in/public/uploads/nachos1.jpg]
[cafehungrymonkey.in/public/uploads/coffee1.jpg]
[cafehungrymonkey.in/public/uploads/momosservice.jpg]
[cafehungrymonkey.in/public/uploads/french.jpg]
[cafehungrymonkey.in/public/images/parallax-background/fact-counter-bg.jpg]
[cafehungrymonkey.in/public/v.mp4]
[cafehungrymonkey.in/public/images/cafehungrymonkey1.mp4]
[cafehungrymonkey.in/public/images/locator.jpg]
[cafehungrymonkey.in/public/images/zomato-swiggy.png]
[cafehungrymonkey.in/cdn-cgi/scripts/5c5dd728/cloudflare-static/email-decode.min.js]
[cafehungrymonkey.in/public/js/jquery.js]
[cafehungrymonkey.in/public/js/appear.js]
[cafehungrymonkey.in/public/js/bootstrap.bundle.min.js]
[cafehungrymonkey.in/public/js/bootstrap-select.min.js]
[cafehungrymonkey.in/public/js/isotope.js]
[cafehungrymonkey.in/public/js/jquery.bootstrap-touchspin.js]
[cafehungrymonkey.in/public/js/jquery.countTo.js]
[cafehungrymonkey.in/public/js/jquery.easing.min.js]
[cafehungrymonkey.in/public/js/jquery.enllax.min.js]
[cafehungrymonkey.in/public/js/jquery.fancybox.js]
[cafehungrymonkey.in/public/js/jquery.mixitup.min.js]
[cafehungrymonkey.in/public/js/jquery.paroller.min.js]
[cafehungrymonkey.in/public/js/owl.js]
[cafehungrymonkey.in/public/js/validation.js]
[cafehungrymonkey.in/public/js/wow.js]
[cafehungrymonkey.in/public/assets/language-switcher/jquery.polyglot.language.switcher.js]
[cafehungrymonkey.in/public/assets/timepicker/timePicker.js]
[cafehungrymonkey.in/public/assets/html5lightbox/html5lightbox.js]
[cafehungrymonkey.in/public/assets/jquery-ui-1.11.4/jquery-ui.js]
[cafehungrymonkey.in/public/plugins/revolution/js/jquery.themepunch.revolution.min.js]
[cafehungrymonkey.in/public/plugins/revolution/js/jquery.themepunch.tools.min.js]
[cafehungrymonkey.in/public/plugins/revolution/js/extensions/revolution.extension.actions.min.js]
[cafehungrymonkey.in/public/plugins/revolution/js/extensions/revolution.extension.carousel.min.js]
[cafehungrymonkey.in/public/plugins/revolution/js/extensions/revolution.extension.kenburn.min.js]
[cafehungrymonkey.in/public/plugins/revolution/js/extensions/revolution.extension.layeranimation.min.js]
[cafehungrymonkey.in/public/plugins/revolution/js/extensions/revolution.extension.migration.min.js]
[cafehungrymonkey.in/public/plugins/revolution/js/extensions/revolution.extension.navigation.min.js]
[cafehungrymonkey.in/public/plugins/revolution/js/extensions/revolution.extension.parallax.min.js]
[cafehungrymonkey.in/public/plugins/revolution/js/extensions/revolution.extension.slideanims.min.js]
[cafehungrymonkey.in/public/plugins/revolution/js/extensions/revolution.extension.video.min.js]
[cafehungrymonkey.in/public/js/main-slider-script.js]
[cafehungrymonkey.in/index.html]
[cafehungrymonkey.in/public/js/custom.js]
[cafehungrymonkey.in/css.html]
[cafehungrymonkey.in/css-1.html]
[cafehungrymonkey.in/css-2.html]
[cafehungrymonkey.in/public/css/animate.css]
[cafehungrymonkey.in/public/css/bootstrap.min.css]
[cafehungrymonkey.in/public/css/bootstrap-select.min.css]
[cafehungrymonkey.in/public/css/custom-animate.css]
[cafehungrymonkey.in/public/css/font-awesome.min.css]
[cafehungrymonkey.in/public/css/icomoon.css]
[cafehungrymonkey.in/public/css/imp.css]
[cafehungrymonkey.in/public/css/jquery.bootstrap-touchspin.css]
[cafehungrymonkey.in/public/css/jquery.fancybox.min.css]
[cafehungrymonkey.in/public/css/owl.css]
[cafehungrymonkey.in/public/css/owl.theme.default.css]
[cafehungrymonkey.in/public/css/jquery.mCustomScrollbar.min.css]
[cafehungrymonkey.in/public/css/slick.css]
[cafehungrymonkey.in/public/fonts/flaticon/flaticon.css]
[cafehungrymonkey.in/public/assets/price-filter/nouislider.css]
[cafehungrymonkey.in/public/assets/price-filter/nouislider.pips.css]
[cafehungrymonkey.in/public/assets/timepicker/timePicker.css]
[cafehungrymonkey.in/public/assets/jquery-ui-1.11.4/jquery-ui.css]
[cafehungrymonkey.in/public/plugins/revolution/css/settings.css]
[cafehungrymonkey.in/public/plugins/revolution/css/layers.css]
[cafehungrymonkey.in/public/plugins/revolution/css/navigation.css]
[cafehungrymonkey.in/public/assets/language-switcher/polyglot-language-switcher.css]
[cafehungrymonkey.in/public/plugins/energy-icon/style.css]
[cafehungrymonkey.in/public/images/icon/preloader.gif]
[cafehungrymonkey.in/public/images/icon/preloader-1.gif]
[cafehungrymonkey.in/public/images/icon/preloader-2.gif]
[cafehungrymonkey.in/public/images/icon/preloader-3.gif]
[cafehungrymonkey.in/public/images/pattern/booking-call-bg.png]
[cafehungrymonkey.in/public/images/icon/shape-1.png]
[cafehungrymonkey.in/public/images/icon/service-icon-bg.png]
[cafehungrymonkey.in/public/images/icon/count-box-bg.png]
[cafehungrymonkey.in/public/images/icon/x.png]
[cafehungrymonkey.in/public/images/icon/choose-image-decor-bottom.png]
[cafehungrymonkey.in/public/images/icon/choose-image-decor-right.png]
[cafehungrymonkey.in/public/images/icon/service-title-arrow.png]
[cafehungrymonkey.in/public/images/icon/single-fact-counter-arrow1.png]
[cafehungrymonkey.in/public/images/icon/single-fact-counter-arrow2.png]
[cafehungrymonkey.in/public/images/icon/working-process-arrow-top.png]
[cafehungrymonkey.in/public/images/icon/working-process-arrow-bottom.png]
[cafehungrymonkey.in/public/images/footer/footer-left-image.html]
[cafehungrymonkey.in/public/images/icon/arrow.png]
[cafehungrymonkey.in/public/images/icon/appointment-faq.png]
[cafehungrymonkey.in/public/images/icon/menu-arrow.png]
[cafehungrymonkey.in/public/images/icon/icon-holder-bg.png]
[cafehungrymonkey.in/public/images/icon/dot-line-left.png]
[cafehungrymonkey.in/public/images/icon/menu-arrow-2.png]
[cafehungrymonkey.in/public/images/icon/estimation-box-bg.png]
[cafehungrymonkey.in/public/images/pattern/emergency-contact-bg.jpg]
[cafehungrymonkey.in/public/css/style.css]
[cafehungrymonkey.in/public/css/responsive.css]
[cafehungrymonkey.in/cdn-cgi/l/email-protection.html]
[cafehungrymonkey.in/home.html]
[cafehungrymonkey.in/index-2.html]
[cafehungrymonkey.in/public/uploads/banner.jpg]
[cafehungrymonkey.in/about.html]
[cafehungrymonkey.in/public/uploads/menu1.jpg]
[cafehungrymonkey.in/public/uploads/menu2.jpg]
[cafehungrymonkey.in/public/uploads/menu3.jpg]
[cafehungrymonkey.in/public/uploads/menu4.jpg]
[cafehungrymonkey.in/menu.html]
[cafehungrymonkey.in/index-4.html]
[cafehungrymonkey.in/public/images/parallax-background/working-process-bg.jpg]
[cafehungrymonkey.in/public/images/icon/working-process-arrow.png]
[cafehungrymonkey.in/public/images/1.jpg]
[cafehungrymonkey.in/public/images/2.jpg]
[cafehungrymonkey.in/public/images/3.jpg]
[cafehungrymonkey.in/public/images/4.jpg]
[cafehungrymonkey.in/public/images/email_success.jpg]
[cafehungrymonkey.in/Franchise.html]
[cafehungrymonkey.in/public/uploads/gallery0.jpg]
[cafehungrymonkey.in/public/uploads/gallery2.jpg]
[cafehungrymonkey.in/public/uploads/gallery1.jpg]
[cafehungrymonkey.in/public/uploads/gallery3.jpg]
[cafehungrymonkey.in/public/uploads/gallery4.jpg]
[cafehungrymonkey.in/public/uploads/gallery5.jpg]
[cafehungrymonkey.in/public/uploads/gallery6.jpg]
[cafehungrymonkey.in/public/uploads/gallery7.jpg]
[cafehungrymonkey.in/public/uploads/gallery8.jpg]
[cafehungrymonkey.in/public/uploads/gallery9.jpg]
[cafehungrymonkey.in/public/uploads/gallery10.jpg]
[cafehungrymonkey.in/Photo_gallery.html]
[cafehungrymonkey.in/Contact.html]
[cafehungrymonkey.in/css.html]
[cafehungrymonkey.in/css-1.html]
[cafehungrymonkey.in/css-2.html]
[cafehungrymonkey.in/public/css/animate.css]
[cafehungrymonkey.in/public/css/bootstrap.min.css]
[cafehungrymonkey.in/public/css/bootstrap-select.min.css]
[cafehungrymonkey.in/public/css/custom-animate.css]
[cafehungrymonkey.in/public/fonts/fontawesome-webfont.eot]
[cafehungrymonkey.in/public/fonts/fontawesome-webfont-1.eot]
[cafehungrymonkey.in/public/fonts/fontawesome-webfont.woff2]
[cafehungrymonkey.in/public/fonts/fontawesome-webfont.woff]
[cafehungrymonkey.in/public/fonts/fontawesome-webfont.ttf]
[cafehungrymonkey.in/public/css/font-awesome.min.css]
[cafehungrymonkey.in/public/fonts/fontawesome-webfont.svg]
[cafehungrymonkey.in/public/fonts/icomoon.eot]
[cafehungrymonkey.in/public/fonts/icomoon.ttf]
[cafehungrymonkey.in/public/fonts/icomoon.woff]
[cafehungrymonkey.in/public/css/icomoon.css]
[cafehungrymonkey.in/public/css/imp.css]
[cafehungrymonkey.in/public/css/jquery.bootstrap-touchspin.css]
[cafehungrymonkey.in/public/css/jquery.fancybox.min.css]
[cafehungrymonkey.in/public/fonts/icomoon.svg]
[cafehungrymonkey.in/public/css/owl.css]
[cafehungrymonkey.in/public/css/owl.theme.default.css]
[cafehungrymonkey.in/public/css/owl.video.play.html]
[cafehungrymonkey.in/public/css/jquery.mCustomScrollbar.min.css]
[cafehungrymonkey.in/public/css/slick.css]
[cafehungrymonkey.in/public/css/mCSB_buttons.html]
[cafehungrymonkey.in/public/fonts/flaticon/Flaticon.eot]
[cafehungrymonkey.in/public/fonts/flaticon/Flaticon-1.eot]
[cafehungrymonkey.in/public/fonts/flaticon/Flaticon.woff2]
[cafehungrymonkey.in/public/fonts/flaticon/Flaticon.woff]
[cafehungrymonkey.in/public/fonts/flaticon/Flaticon.ttf]
[cafehungrymonkey.in/public/fonts/flaticon/flaticon.css]
[cafehungrymonkey.in/public/assets/price-filter/nouislider.css]
[cafehungrymonkey.in/public/assets/price-filter/nouislider.pips.css]
[cafehungrymonkey.in/public/fonts/flaticon/Flaticon.svg]
[cafehungrymonkey.in/public/assets/timepicker/timePicker.css]
[cafehungrymonkey.in/public/assets/timepicker/images/ui-icons_444444_256x240.html]
[cafehungrymonkey.in/public/assets/jquery-ui-1.11.4/images/ui-bg_highlight-soft_75_cccccc_1x100.png]
[cafehungrymonkey.in/public/assets/jquery-ui-1.11.4/images/ui-bg_glass_75_e6e6e6_1x400.png]
[cafehungrymonkey.in/public/assets/jquery-ui-1.11.4/images/ui-bg_glass_75_dadada_1x400.png]
[cafehungrymonkey.in/public/assets/jquery-ui-1.11.4/images/ui-bg_glass_65_ffffff_1x400.png]
[cafehungrymonkey.in/public/assets/jquery-ui-1.11.4/images/ui-bg_glass_55_fbf9ee_1x400.png]
[cafehungrymonkey.in/public/assets/jquery-ui-1.11.4/images/ui-bg_glass_95_fef1ec_1x400.png]
[cafehungrymonkey.in/public/assets/jquery-ui-1.11.4/images/ui-icons_222222_256x240.png]
[cafehungrymonkey.in/public/assets/jquery-ui-1.11.4/images/ui-icons_888888_256x240.png]
[cafehungrymonkey.in/public/assets/jquery-ui-1.11.4/images/ui-icons_454545_256x240.png]
[cafehungrymonkey.in/public/assets/jquery-ui-1.11.4/images/ui-icons_2e83ff_256x240.png]
[cafehungrymonkey.in/public/assets/jquery-ui-1.11.4/images/ui-icons_cd0a0a_256x240.png]
[cafehungrymonkey.in/public/assets/jquery-ui-1.11.4/jquery-ui.css]
[cafehungrymonkey.in/public/plugins/revolution/fonts/revicons/revicons.eot]
[cafehungrymonkey.in/public/plugins/revolution/fonts/revicons/revicons.woff]
[cafehungrymonkey.in/public/plugins/revolution/fonts/revicons/revicons.ttf]
[cafehungrymonkey.in/public/plugins/revolution/fonts/revicons/revicons.svg]
[cafehungrymonkey.in/public/plugins/revolution/css/openhand.html]
[cafehungrymonkey.in/public/plugins/revolution/css/closedhand.html]
[cafehungrymonkey.in/public/plugins/revolution/assets/gridtile.png]
[cafehungrymonkey.in/public/plugins/revolution/assets/gridtile_white.png]
[cafehungrymonkey.in/public/plugins/revolution/assets/gridtile_3x3.png]
[cafehungrymonkey.in/public/plugins/revolution/assets/gridtile_3x3_white.png]
[cafehungrymonkey.in/public/plugins/revolution/assets/coloredbg.png]
[cafehungrymonkey.in/public/plugins/revolution/assets/loader.gif]
[cafehungrymonkey.in/public/plugins/revolution/css/settings.css]
[cafehungrymonkey.in/public/plugins/revolution/css/layers.css]
[cafehungrymonkey.in/public/plugins/revolution/css/navigation.css]
[cafehungrymonkey.in/public/assets/language-switcher/gb.png]
[cafehungrymonkey.in/public/assets/language-switcher/fr.png]
[cafehungrymonkey.in/public/assets/language-switcher/de.png]
[cafehungrymonkey.in/public/assets/language-switcher/it.png]
[cafehungrymonkey.in/public/assets/language-switcher/es.png]
[cafehungrymonkey.in/public/assets/language-switcher/polyglot-language-switcher.css]
[cafehungrymonkey.in/public/plugins/energy-icon/fonts/energy-icon.eot]
[cafehungrymonkey.in/public/plugins/energy-icon/fonts/energy-icon.ttf]
[cafehungrymonkey.in/public/plugins/energy-icon/fonts/energy-icon.woff]
[cafehungrymonkey.in/public/plugins/energy-icon/style.css]
[cafehungrymonkey.in/public/images/footer/footer-left-image.html]
[cafehungrymonkey.in/index-4.html]
[cafehungrymonkey.in/public/plugins/energy-icon/fonts/energy-icon.svg]
[cafehungrymonkey.in/public/fonts/fontawesome-webfont.svg]
[cafehungrymonkey.in/public/fonts/icomoon.svg]
[cafehungrymonkey.in/public/css/owl.video.play.html]
[cafehungrymonkey.in/public/css/mCSB_buttons.html]
[cafehungrymonkey.in/public/fonts/flaticon/Flaticon.svg]
[cafehungrymonkey.in/public/assets/timepicker/images/ui-icons_444444_256x240.html]
[cafehungrymonkey.in/public/plugins/revolution/fonts/revicons/revicons.svg]
[cafehungrymonkey.in/public/plugins/revolution/css/openhand.html]
[cafehungrymonkey.in/public/plugins/revolution/css/closedhand.html]
[cafehungrymonkey.in/public/plugins/energy-icon/fonts/energy-icon.svg]
[cafehungrymonkey.in/public/images/pattern/pattern.html]
[cafehungrymonkey.in/public/images/pricing-plan-bg.html]
[cafehungrymonkey.in/index-3.html]
[cafehungrymonkey.in/public/uploads/banner.html]
